TODOs (3):
------------------------
- Test low level GrammarSet class [test-low-level-objects.cpp:379]
- Investigate changes needed to remove requirement for g++ -Wno-parentheses flag [test-main.cpp:39]
- Update copyright dates! [test-main.cpp:40]

